// Jest Snapshot v1, https://goo.gl/fbAQLP

exports[`should render Expense Dashboard Page correctly 1`] = `
<div>
  This is from dashboard
  <Connect(ExpenseListFilters) />
  <Connect(ExpenseList) />
</div>
`;
